// Jest Snapshot v1, https://goo.gl/fbAQLP

exports[`<EpisodesModal /> should renders the component 1`] = `null`;
