// Jest Snapshot v1, https://goo.gl/fbAQLP

exports[`<Modal /> should renders the component 1`] = `null`;
