// Jest Snapshot v1, https://goo.gl/fbAQLP

exports[`<EpisodesItem /> should renders the component 1`] = `
.c0 {
  display: -webkit-box;
  display: -webkit-flex;
  display: -ms-flexbox;
  display: flex;
  padding: 6px 1px;
}

.c1 {
  font-size: 16px;
  font-weight: 500;
  color: #7c7c7c;
}

.c2 {
  padding-left: 3px;
  color: #222222;
}

<div
  class="c0"
  data-testid="episodes-item"
>
  <span
    class="c1"
  >
    Episodes
    :
  </span>
  <div>
    <span
      class="c2"
    />
     
  </div>
</div>
`;
